> Task :app:compressDebugAndroidTestAssets UP-TO-DATE
> Task :app:desugarDebugAndroidTestFileDependencies UP-TO-DATE
> Task :app:checkDebugAndroidTestDuplicateClasses UP-TO-DATE
> Task :app:mergeExtDexDebugAndroidTest UP-TO-DATE
> Task :app:mergeLibDexDebugAndroidTest UP-TO-DATE
> Task :app:mergeDebugAndroidTestJniLibFolders UP-TO-DATE
> Task :app:mergeDebugAndroidTestNativeLibs NO-SOURCE
> Task :app:stripDebugAndroidTestDebugSymbols NO-SOURCE
> Task :app:validateSigningDebugAndroidTest UP-TO-DATE
> Task :app:writeDebugAndroidTestSigningConfigVersions UP-TO-DATE
> Task :app:kaptGenerateStubsDebugAndroidTestKotlin
> Task :app:kaptDebugAndroidTestKotlin
> Task :app:compileDebugAndroidTestKotlin
> Task :app:compileDebugAndroidTestJavaWithJavac NO-SOURCE
> Task :app:hiltAggregateDepsDebugAndroidTest UP-TO-DATE
> Task :app:hiltJavaCompileDebugAndroidTest NO-SOURCE
> Task :app:transformDebugAndroidTestClassesWithAsm UP-TO-DATE
> Task :app:dexBuilderDebugAndroidTest UP-TO-DATE
> Task :app:mergeDebugAndroidTestGlobalSynthetics UP-TO-DATE
> Task :app:processDebugAndroidTestJavaRes UP-TO-DATE
> Task :app:mergeDebugAndroidTestJavaResource UP-TO-DATE
> Task :app:mergeProjectDexDebugAndroidTest UP-TO-DATE
> Task :app:packageDebugAndroidTest UP-TO-DATE
> Task :app:createDebugAndroidTestApkListingFileRedirect UP-TO-DATE

> Task :app:connectedDebugAndroidTest
Starting 1 tests on test_avd_36(AVD) - 16

Finished 1 tests on test_avd_36(AVD) - 16

[Incubating] Problems report is available at: file:///workspace/pim-platform/src/client-android/build/reports/problems/problems-report.html

Deprecated Gradle features were used in this build, making it incompatible with Gradle 9.0.

You can use '--warning-mode all' to show the individual deprecation warnings and determine if they come from your own scripts or plugins.

For more on this, please refer to https://docs.gradle.org/8.14/userguide/command_line_interface.html#sec:command_line_warnings in the Gradle documentation.

BUILD SUCCESSFUL in 22s
121 actionable tasks: 8 executed, 113 up-to-date
