--------- beginning of kernel
08-24 02:29:39.318     0     0 I         : Linux version 6.6.66-android15-8-gd0c43a640eab-ab13812146 (kleaf@build-host) (Android (11368308, +pgo, +bolt, +lto, +mlgo, based on r510928) clang version 18.0.0 (https://android.googlesource.com/toolchain/llvm-project 477610d4d0d988e69dbc3fae4fe86bff3f07f2b5), LLD 18.0.0) #1 SMP PREEMPT Mon Jul 21 17:41:13 UTC 2025
08-24 02:29:39.318     0     0 I Command line: 8250.nr_uarts=1 clocksource=pit no_timer_check console=0 loop.max_part=7 ramoops.mem_address=0xff018000 ramoops.mem_size=0x10000 memmap=0x10000$0xff018000 printk.devkmsg=on bootconfig mac80211_hwsim.radios=0
08-24 02:29:39.318     0     0 I         : BIOS-provided physical RAM map:
08-24 02:29:39.318     0     0 I BIOS-e820: [mem 0x0000000000000000-0x000000000009fbff] usable
08-24 02:29:39.318     0     0 I BIOS-e820: [mem 0x000000000009fc00-0x000000000009ffff] reserved
08-24 02:29:39.318     0     0 I BIOS-e820: [mem 0x00000000000f0000-0x00000000000fffff] reserved
08-24 02:29:39.318     0     0 I BIOS-e820: [mem 0x0000000000100000-0x000000009ffd5fff] usable
08-24 02:29:39.318     0     0 I BIOS-e820: [mem 0x000000009ffd6000-0x000000009fffffff] reserved
08-24 02:29:39.318     0     0 I BIOS-e820: [mem 0x00000000feffc000-0x00000000feffffff] reserved
08-24 02:29:39.318     0     0 I BIOS-e820: [mem 0x00000000fffc0000-0x00000000ffffffff] reserved
08-24 02:29:39.318     0     0 I stackdepot: disabled
08-24 02:29:39.318     0     0 I         : NX (Execute Disable) protection: active
08-24 02:29:39.318     0     0 I APIC    : Static calls initialized
08-24 02:29:39.318     0     0 I         : user-defined physical RAM map:
08-24 02:29:39.318     0     0 I user    : [mem 0x0000000000000000-0x000000000009fbff] usable
08-24 02:29:39.318     0     0 I user    : [mem 0x000000000009fc00-0x000000000009ffff] reserved
08-24 02:29:39.318     0     0 I user    : [mem 0x00000000000f0000-0x00000000000fffff] reserved
08-24 02:29:39.318     0     0 I user    : [mem 0x0000000000100000-0x000000009ffd5fff] usable
08-24 02:29:39.318     0     0 I user    : [mem 0x000000009ffd6000-0x000000009fffffff] reserved
08-24 02:29:39.318     0     0 I user    : [mem 0x00000000feffc000-0x00000000feffffff] reserved
08-24 02:29:39.318     0     0 I user    : [mem 0x00000000ff018000-0x00000000ff027fff] reserved
08-24 02:29:39.318     0     0 I user    : [mem 0x00000000fffc0000-0x00000000ffffffff] reserved
08-24 02:29:39.318     0     0 I         : SMBIOS 2.8 present.
08-24 02:29:39.318     0     0 I DMI     : QEMU Standard PC (i440FX + PIIX, 1996), BIOS rel-1.11.1-0-g0551a4be2c-prebuilt.qemu-project.org 04/01/2014
08-24 02:29:39.318     0     0 I Hypervisor detected: KVM
08-24 02:29:39.318     0     0 I kvm-clock: Using msrs 4b564d01 and 4b564d00
08-24 02:29:39.318     0     0 I kvm-clock: using sched offset of 280515266 cycles
08-24 02:29:39.318     0     0 I clocksource: kvm-clock: mask: 0xffffffffffffffff max_cycles: 0x1cd42e4dffb, max_idle_ns: 881590591483 ns
08-24 02:29:39.318     0     0 I tsc     : Detected 3493.454 MHz processor
08-24 02:29:39.318     0     0 D e820    : update [mem 0x00000000-0x00000fff] usable ==> reserved
08-24 02:29:39.318     0     0 D e820    : remove [mem 0x000a0000-0x000fffff] usable
08-24 02:29:39.318     0     0 I         : last_pfn = 0x9ffd6 max_arch_pfn = 0x400000000
08-24 02:29:39.318     0     0 I MTRR map: 4 entries (3 fixed + 1 variable; max 19), built from 8 variable MTRRs
08-24 02:29:39.318     0     0 I x86/PAT : Configuration [0-7]: WB  WC  UC- UC  WB  WP  UC- WT
08-24 02:29:39.321     0     0 I         : found SMP MP-table at [mem 0x000f5ac0-0x000f5acf]
08-24 02:29:39.321     0     0 I RAMDISK : [mem 0x7fdea000-0x7fffffff]
08-24 02:29:39.321     0     0 I ACPI    : Early table checksum verification disabled
08-24 02:29:39.321     0     0 I ACPI    : RSDP 0x00000000000F58C0 000014 (v00 BOCHS )
08-24 02:29:39.321     0     0 I ACPI    : RSDT 0x000000009FFE1B46 000030 (v01 BOCHS  BXPCRSDT 00000001 BXPC 00000001)
08-24 02:29:39.321     0     0 I ACPI    : FACP 0x000000009FFE1A1A 000074 (v01 BOCHS  BXPCFACP 00000001 BXPC 00000001)
08-24 02:29:39.321     0     0 I ACPI    : DSDT 0x000000009FFE0040 0019DA (v01 BOCHS  BXPCDSDT 00000001 BXPC 00000001)
08-24 02:29:39.321     0     0 I ACPI    : FACS 0x000000009FFE0000 000040
08-24 02:29:39.321     0     0 I ACPI    : APIC 0x000000009FFE1A8E 000080 (v01 BOCHS  BXPCAPIC 00000001 BXPC 00000001)
08-24 02:29:39.321     0     0 I ACPI    : HPET 0x000000009FFE1B0E 000038 (v01 BOCHS  BXPCHPET 00000001 BXPC 00000001)
08-24 02:29:39.321     0     0 I ACPI    : Reserving FACP table memory at [mem 0x9ffe1a1a-0x9ffe1a8d]
08-24 02:29:39.321     0     0 I ACPI    : Reserving DSDT table memory at [mem 0x9ffe0040-0x9ffe1a19]
08-24 02:29:39.321     0     0 I ACPI    : Reserving FACS table memory at [mem 0x9ffe0000-0x9ffe003f]
08-24 02:29:39.321     0     0 I ACPI    : Reserving APIC table memory at [mem 0x9ffe1a8e-0x9ffe1b0d]
08-24 02:29:39.321     0     0 I ACPI    : Reserving HPET table memory at [mem 0x9ffe1b0e-0x9ffe1b45]
08-24 02:29:39.321     0     0 I Zone ranges:  
08-24 02:29:39.321     0     0 I         : DMA32    [mem 0x0000000000001000-0x000000009ffd5fff]
08-24 02:29:39.321     0     0 I         : Normal   empty
08-24 02:29:39.321     0     0 I         : Movable zone start for each node
08-24 02:29:39.321     0     0 I         : NoSplit zone start for each node
08-24 02:29:39.321     0     0 I         : NoMerge zone start for each node
08-24 02:29:39.321     0     0 I         : Early memory node ranges
08-24 02:29:39.321     0     0 I node   0: [mem 0x0000000000001000-0x000000000009efff]
08-24 02:29:39.321     0     0 I node   0: [mem 0x0000000000100000-0x000000009ffd5fff]
08-24 02:29:39.321     0     0 I         : Initmem setup node 0 [mem 0x0000000000001000-0x000000009ffd5fff]
08-24 02:29:39.321     0     0 I         : On node 0, zone DMA32: 1 pages in unavailable ranges
08-24 02:29:39.353     0     0 I         : On node 0, zone DMA32: 97 pages in unavailable ranges
08-24 02:29:39.353     0     0 I         : On node 0, zone DMA32: 42 pages in unavailable ranges
08-24 02:29:39.355     0     0 I ACPI    : LAPIC_NMI (acpi_id[0xff] dfl dfl lint[0x1])
08-24 02:29:39.355     0     0 I IOAPIC[0]: apic_id 0, version 17, address 0xfec00000, GSI 0-23
08-24 02:29:39.355     0     0 I ACPI    : INT_SRC_OVR (bus 0 bus_irq 0 global_irq 2 dfl dfl)
08-24 02:29:39.355     0     0 I ACPI    : INT_SRC_OVR (bus 0 bus_irq 5 global_irq 5 high level)
08-24 02:29:39.355     0     0 I ACPI    : INT_SRC_OVR (bus 0 bus_irq 9 global_irq 9 high level)
08-24 02:29:39.355     0     0 I ACPI    : INT_SRC_OVR (bus 0 bus_irq 10 global_irq 10 high level)
08-24 02:29:39.355     0     0 I ACPI    : INT_SRC_OVR (bus 0 bus_irq 11 global_irq 11 high level)
08-24 02:29:39.355     0     0 I ACPI    : Using ACPI (MADT) for SMP configuration information
08-24 02:29:39.355     0     0 I ACPI    : HPET id: 0x8086a201 base: 0xfed00000
08-24 02:29:39.355     0     0 I smpboot : Allowing 2 CPUs, 0 hotplug CPUs
08-24 02:29:39.355     0     0 I kvm-guest: APIC: eoi() replaced with kvm_guest_apic_eoi_write()
08-24 02:29:39.355     0     0 I PM      : hibernation: Registered nosave memory: [mem 0x00000000-0x00000fff]
08-24 02:29:39.355     0     0 I PM      : hibernation: Registered nosave memory: [mem 0x0009f000-0x0009ffff]
08-24 02:29:39.355     0     0 I PM      : hibernation: Registered nosave memory: [mem 0x000a0000-0x000effff]
08-24 02:29:39.355     0     0 I PM      : hibernation: Registered nosave memory: [mem 0x000f0000-0x000fffff]
08-24 02:29:39.355     0     0 I         : [mem 0xa0000000-0xfeffbfff] available for PCI devices
08-24 02:29:39.355     0     0 I         : Booting paravirtualized kernel on KVM
08-24 02:29:39.355     0     0 I clocksource: refined-jiffies: mask: 0xffffffff max_cycles: 0xffffffff, max_idle_ns: 7645519600211568 ns
08-24 02:29:39.355     0     0 I Load bootconfig: 1899 bytes 72 nodes
08-24 02:29:39.355     0     0 I setup_percpu: NR_CPUS:32 nr_cpumask_bits:2 nr_cpu_ids:2 nr_node_ids:1
08-24 02:29:39.357     0     0 I percpu  : Embedded 56 pages/cpu s192488 r8192 d28696 u1048576
08-24 02:29:39.357     0     0 D pcpu-alloc: s192488 r8192 d28696 u1048576 alloc=1*2097152
08-24 02:29:39.357     0     0 D pcpu-alloc: [0] 0 1
08-24 02:29:39.357     0     0 I         : Kernel command line: console=ttynull stack_depot_disable=on cgroup_disable=pressure bootconfig 8250.nr_uarts=1 clocksource=pit no_timer_check console=0 loop.max_part=7 ramoops.mem_address=0xff018000 ramoops.mem_size=0x10000 memmap=0x10000$0xff018000 printk.devkmsg=on bootconfig mac80211_hwsim.radios=0
08-24 02:29:39.357     0     0 I cgroup  : Disabling pressure control group feature
08-24 02:29:39.361     0     0 I         : Dentry cache hash table entries: 524288 (order: 10, 4194304 bytes, linear)
08-24 02:29:39.362     0     0 I         : Inode-cache hash table entries: 262144 (order: 9, 2097152 bytes, linear)
08-24 02:29:39.362     0     0 I         : Built 1 zonelists, mobility grouping on.  Total pages: 644822
08-24 02:29:39.363     0     0 I mem auto-init: stack:all(zero), heap alloc:on, heap free:off
08-24 02:29:39.370     0     0 I Memory  : 2526508K/2620880K available (22528K kernel code, 2113K rwdata, 14024K rodata, 2964K init, 860K bss, 94112K reserved, 0K cma-reserved)
08-24 02:29:39.374     0     0 I SLUB    : HWalign=64, Order=0-3, MinObjects=0, CPUs=2, Nodes=1
08-24 02:29:39.374     0     0 I rcu     : Preemptible hierarchical RCU implementation.
08-24 02:29:39.374     0     0 I rcu     : RCU event tracing is enabled.
08-24 02:29:39.374     0     0 I rcu     : RCU restricting CPUs from NR_CPUS=32 to nr_cpu_ids=2.
08-24 02:29:39.374     0     0 I rcu     : RCU priority boosting: priority 1 delay 500 ms.
08-24 02:29:39.374     0     0 I         : Trampoline variant of Tasks RCU enabled.
08-24 02:29:39.374     0     0 I         : Tracing variant of Tasks RCU enabled.
08-24 02:29:39.374     0     0 I rcu     : RCU calculated value of scheduler-enlistment delay is 25 jiffies.
08-24 02:29:39.374     0     0 I rcu     : Adjusting geometry for rcu_fanout_leaf=16, nr_cpu_ids=2
08-24 02:29:39.375     0     0 I NR_IRQS : 4352, nr_irqs: 440, preallocated irqs: 16
08-24 02:29:39.376     0     0 I rcu     : srcu_init: Setting srcu_struct sizes based on contention.
08-24 02:29:39.376     0     0 I kfence  : initialized - using 524288 bytes for 63 objects at 0x(____ptrval____)-0x(____ptrval____)
08-24 02:29:39.376     0     0 I printk  : console [ttyS0] enabled
08-24 02:29:39.519     0     0 I ACPI    : Core revision 20230628
08-24 02:29:39.520     0     0 I clocksource: hpet: mask: 0xffffffff max_cycles: 0xffffffff, max_idle_ns: 19112604467 ns
08-24 02:29:39.522     0     0 I APIC    : Switch to symmetric I/O mode setup
08-24 02:29:39.523     0     0 I         : x2apic enabled
08-24 02:29:39.524     0     0 I APIC    : Switched APIC routing to: physical x2apic
08-24 02:29:39.526     0     0 I ..TIMER : vector=0x30 apic1=0 pin1=2 apic2=-1 pin2=-1
08-24 02:29:39.527     0     0 I tsc     : Marking TSC unstable due to TSCs unsynchronized
08-24 02:29:39.529     0     0 I         : Calibrating delay loop (skipped) preset value.. 6986.90 BogoMIPS (lpj=13973816)
08-24 02:29:39.533     0     0 I         : Last level iTLB entries: 4KB 0, 2MB 0, 4MB 0
08-24 02:29:39.534     0     0 I         : Last level dTLB entries: 4KB 0, 2MB 0, 4MB 0, 1GB 0
08-24 02:29:39.535     0     0 I Spectre V1: Mitigation: usercopy/swapgs barriers and __user pointer sanitization
08-24 02:29:39.537     0     0 I Spectre V2: Mitigation: Retpolines
08-24 02:29:39.538     0     0 I Spectre V2: Spectre v2 / SpectreRSB mitigation: Filling RSB on context switch
08-24 02:29:39.539     0     0 I Spectre V2: Spectre v2 / SpectreRSB : Filling RSB on VMEXIT
08-24 02:29:39.541     0     0 I         : Speculative Store Bypass: Vulnerable
08-24 02:29:39.542     0     0 I x86/fpu : Supporting XSAVE feature 0x001: 'x87 floating point registers'
08-24 02:29:39.543     0     0 I x86/fpu : Supporting XSAVE feature 0x002: 'SSE registers'
08-24 02:29:39.545     0     0 I x86/fpu : Supporting XSAVE feature 0x004: 'AVX registers'
08-24 02:29:39.546     0     0 I x86/fpu : xstate_offset[2]:  576, xstate_sizes[2]:  256
08-24 02:29:39.547     0     0 I x86/fpu : Enabled xstate features 0x7, context size is 832 bytes, using 'standard' format.
08-24 02:29:39.564     0     0 I SMP alternatives: Using kCFI
08-24 02:29:39.583     0     0 I         : Freeing SMP alternatives memory: 56K
08-24 02:29:39.584     0     0 I pid_max : default: 32768 minimum: 301
08-24 02:29:39.585     0     0 I LSM     : initializing lsm=capability,selinux,bpf,integrity
08-24 02:29:39.587     0     0 I SELinux : Initializing.
08-24 02:29:39.588     0     0 I         : LSM support for eBPF active
08-24 02:29:39.589     0     0 I         : Mount-cache hash table entries: 8192 (order: 4, 65536 bytes, linear)
08-24 02:29:39.590     0     0 I         : Mountpoint-cache hash table entries: 8192 (order: 4, 65536 bytes, linear)
08-24 02:29:39.809     0     0 I smpboot : CPU0: AMD Android virtual processor (family: 0x6, model: 0x6, stepping: 0x3)
08-24 02:29:39.811     0     0 I RCU Tasks: Setting shift to 1 and lim to 1 rcu_task_cb_adjust=1.
08-24 02:29:39.812     0     0 I         : RCU Tasks Trace: Setting shift to 1 and lim to 1 rcu_task_cb_adjust=1.
08-24 02:29:39.813     0     0 I Performance Events: AMD PMU driver.
08-24 02:29:39.814     0     0 I ... version: 0
08-24 02:29:39.814     0     0 I         : ... bit width:              48
08-24 02:29:39.815     0     0 I         : ... generic registers:      4
08-24 02:29:39.816     0     0 I         : ... value mask:             0000ffffffffffff
08-24 02:29:39.817     0     0 I         : ... max period:             00007fffffffffff
08-24 02:29:39.818     0     0 I         : ... fixed-purpose events:   0
08-24 02:29:39.818     0     0 I         : ... event mask:             000000000000000f
08-24 02:29:39.819     0     0 I signal  : max sigframe size: 1776
08-24 02:29:39.821     0     0 I rcu     : Hierarchical SRCU implementation.
08-24 02:29:39.822     0     0 I rcu     : Max phase no-delay instances is 1000.
08-24 02:29:39.823     0     0 I dyndbg  : Ignore empty _ddebug table in a CONFIG_DYNAMIC_DEBUG_CORE build
08-24 02:29:39.824     0     0 I smp     : Bringing up secondary CPUs ...
08-24 02:29:39.825     0     0 I smpboot : x86: Booting SMP configuration:
08-24 02:29:39.826     0     0 I         : .... node  #0, CPUs:      #1
08-24 02:29:39.837     0     0 I smp     : Brought up 1 node, 2 CPUs
08-24 02:29:39.838     0     0 I smpboot : Max logical packages: 1
08-24 02:29:39.839     0     0 I smpboot : Total of 2 processors activated (13973.81 BogoMIPS)
08-24 02:29:39.841     0     0 I x86/mm  : Memory block size: 128MB
08-24 02:29:39.842     0     0 I clocksource: jiffies: mask: 0xffffffff max_cycles: 0xffffffff, max_idle_ns: 7645041785100000 ns
08-24 02:29:39.843     0     0 I         : futex hash table entries: 512 (order: 3, 32768 bytes, linear)
08-24 02:29:39.846     0     0 I NET     : Registered PF_NETLINK/PF_ROUTE protocol family
08-24 02:29:39.847     0     0 I audit   : initializing netlink subsys (disabled)
08-24 02:29:39.849     0     0 I ramoops : using module parameters
08-24 02:29:39.854     0     0 I pstore  : Using crash dump compression: deflate
08-24 02:29:39.855     0     0 I printk  : console [ramoops-1] enabled
08-24 02:29:39.856     0     0 I pstore  : Registered ramoops as persistent store backend
08-24 02:29:39.857     0     0 I ramoops : using 0x10000@0xff018000, ecc: 0
08-24 02:29:39.858     0     0 I thermal_sys: Registered thermal governor 'bang_bang'
08-24 02:29:39.858     0     0 I thermal_sys: Registered thermal governor 'step_wise'
08-24 02:29:39.859     0     0 I thermal_sys: Registered thermal governor 'user_space'
08-24 02:29:39.861     0     0 I cpuidle : using governor menu
08-24 02:29:39.863     0     0 I PCI     : Using configuration type 1 for base access
08-24 02:29:39.864     0     0 I kprobes : kprobe jump-optimization is enabled. All kprobes are optimized if possible.
08-24 02:29:39.869     0     0 I cryptd  : max_cpu_qlen set to 1000
08-24 02:29:39.873     0     0 I ACPI    : Added _OSI(Module Device)
08-24 02:29:39.874     0     0 I ACPI    : Added _OSI(Processor Device)
08-24 02:29:39.874     0     0 I ACPI    : Added _OSI(3.0 _SCP Extensions)
08-24 02:29:39.875     0     0 I ACPI    : Added _OSI(Processor Aggregator Device)
08-24 02:29:39.877     0     0 I ACPI    : 1 ACPI AML tables successfully acquired and loaded
08-24 02:29:39.883     0     0 I ACPI    : _OSC evaluation for CPUs failed, trying _PDC
08-24 02:29:39.885     0     0 I ACPI    : Interpreter enabled
08-24 02:29:39.885     0     0 I ACPI    : PM: (supports S0 S3 S4 S5)
08-24 02:29:39.886     0     0 I ACPI    : Using IOAPIC for interrupt routing
08-24 02:29:39.887     0     0 I PCI     : Using host bridge windows from ACPI; if necessary, use "pci=nocrs" and report a bug
08-24 02:29:39.889     0     0 I PCI     : Using E820 reservations for host bridge windows
08-24 02:29:39.890     0     0 I ACPI    : Enabled 2 GPEs in block 00 to 0F
08-24 02:29:39.894     0     0 I ACPI    : PCI Root Bridge [PCI0] (domain 0000 [bus 00-ff])
08-24 02:29:39.895     0     0 I acpi PNP0A03: 00: _OSC: OS supports [ASPM ClockPM Segments MSI HPX-Type3]
08-24 02:29:39.896     0     0 I acpi PNP0A03: 00: _OSC: not requesting OS control; OS requires [ExtendedConfig ASPM ClockPM MSI]
08-24 02:29:39.897     0     0 W acpi PNP0A03: 00: fail to add MMCONFIG information, can't access extended configuration space under this bridge
08-24 02:29:39.899     0     0 I         : PCI host bridge to bus 0000:00
08-24 02:29:39.901     0     0 I pci_bus 0000: 00: root bus resource [io  0x0000-0x0cf7 window]
08-24 02:29:39.902     0     0 I pci_bus 0000: 00: root bus resource [io  0x0d00-0xffff window]
08-24 02:29:39.903     0     0 I pci_bus 0000: 00: root bus resource [mem 0x000a0000-0x000bffff window]
08-24 02:29:39.905     0     0 I pci_bus 0000: 00: root bus resource [mem 0xa0000000-0xfebfffff window]
08-24 02:29:39.905     0     0 I pci_bus 0000: 00: root bus resource [mem 0x400000000-0x800057fff window]
08-24 02:29:39.906     0     0 I pci_bus 0000: 00: root bus resource [bus 00-ff]
08-24 02:29:39.907  8086  8086 I pci 0000: 00:00.0: [8086:1237] type 00 class 0x060000
08-24 02:29:39.909  8086  8086 I pci 0000: 00:01.0: [8086:7000] type 00 class 0x060100
08-24 02:29:39.912  8086  8086 I pci 0000: 00:01.1: [8086:7010] type 00 class 0x010180
08-24 02:29:39.918     0     0 I pci 0000: 00:01.1: reg 0x20: [io  0xc260-0xc26f]
08-24 02:29:39.921     0     0 I pci 0000: 00:01.1: legacy IDE quirk: reg 0x10: [io  0x01f0-0x01f7]
08-24 02:29:39.923     0     0 I pci 0000: 00:01.1: legacy IDE quirk: reg 0x14: [io  0x03f6]
08-24 02:29:39.925     0     0 I pci 0000: 00:01.1: legacy IDE quirk: reg 0x18: [io  0x0170-0x0177]
08-24 02:29:39.926     0     0 I pci 0000: 00:01.1: legacy IDE quirk: reg 0x1c: [io  0x0376]
08-24 02:29:39.927  8086  8086 I pci 0000: 00:01.3: [8086:7113] type 00 class 0x068000
08-24 02:29:39.930     0     0 I pci 0000: 00:01.3: quirk: [io  0x0600-0x063f] claimed by PIIX4 ACPI
08-24 02:29:39.931     0     0 I pci 0000: 00:01.3: quirk: [io  0x0700-0x070f] claimed by PIIX4 SMB
08-24 02:29:39.933     0     0 I pci 0000: 00:02.0: [1af4:1019] type 00 class 0x040100
08-24 02:29:39.936     0     0 I pci 0000: 00:02.0: reg 0x10: [io  0xc1c0-0xc1df]
08-24 02:29:39.945     0     0 I pci 0000: 00:02.0: reg 0x20: [mem 0x800000000-0x800003fff 64bit pref]
08-24 02:29:39.952     0     0 I pci 0000: 00:03.0: [1af4:1001] type 00 class 0x010000
08-24 02:29:39.957     0     0 I pci 0000: 00:03.0: reg 0x10: [io  0xc000-0xc03f]
08-24 02:29:39.962     0     0 I pci 0000: 00:03.0: reg 0x14: [mem 0xfebc0000-0xfebc0fff]
08-24 02:29:39.966     0     0 I pci 0000: 00:03.0: reg 0x18: [io  0xc270-0xc273]
08-24 02:29:39.981     0     0 I pci 0000: 00:03.0: reg 0x20: [mem 0x800004000-0x800007fff 64bit pref]
08-24 02:29:39.988     0     0 I pci 0000: 00:04.0: [1af4:1001] type 00 class 0x010000
08-24 02:29:39.994     0     0 I pci 0000: 00:04.0: reg 0x10: [io  0xc040-0xc07f]
08-24 02:29:40.000     0     0 I pci 0000: 00:04.0: reg 0x14: [mem 0xfebc1000-0xfebc1fff]
08-24 02:29:40.006     0     0 I pci 0000: 00:04.0: reg 0x18: [io  0xc274-0xc277]
08-24 02:29:40.017     0     0 I pci 0000: 00:04.0: reg 0x20: [mem 0x800008000-0x80000bfff 64bit pref]
08-24 02:29:40.029     0     0 I pci 0000: 00:05.0: [1af4:1001] type 00 class 0x010000
08-24 02:29:40.033     0     0 I pci 0000: 00:05.0: reg 0x10: [io  0xc080-0xc0bf]
08-24 02:29:40.040     0     0 I pci 0000: 00:05.0: reg 0x14: [mem 0xfebc2000-0xfebc2fff]
08-24 02:29:40.045     0     0 I pci 0000: 00:05.0: reg 0x18: [io  0xc278-0xc27b]
08-24 02:29:40.057     0     0 I pci 0000: 00:05.0: reg 0x20: [mem 0x80000c000-0x80000ffff 64bit pref]
08-24 02:29:40.066     0     0 I pci 0000: 00:06.0: [1af4:1001] type 00 class 0x010000
08-24 02:29:40.070     0     0 I pci 0000: 00:06.0: reg 0x10: [io  0xc0c0-0xc0ff]
08-24 02:29:40.074     0     0 I pci 0000: 00:06.0: reg 0x14: [mem 0xfebc3000-0xfebc3fff]
08-24 02:29:40.081     0     0 I pci 0000: 00:06.0: reg 0x18: [io  0xc27c-0xc27f]
08-24 02:29:40.090     0     0 I pci 0000: 00:06.0: reg 0x20: [mem 0x800010000-0x800013fff 64bit pref]
08-24 02:29:40.098     0     0 I pci 0000: 00:07.0: [1af4:1001] type 00 class 0x010000
08-24 02:29:40.106     0     0 I pci 0000: 00:07.0: reg 0x10: [io  0xc100-0xc13f]
08-24 02:29:40.113     0     0 I pci 0000: 00:07.0: reg 0x14: [mem 0xfebc4000-0xfebc4fff]
08-24 02:29:40.117     0     0 I pci 0000: 00:07.0: reg 0x18: [io  0xc280-0xc283]
08-24 02:29:40.129     0     0 I pci 0000: 00:07.0: reg 0x20: [mem 0x800014000-0x800017fff 64bit pref]
08-24 02:29:40.138     0     0 I pci 0000: 00:08.0: [1af4:1000] type 00 class 0x020000
08-24 02:29:40.142     0     0 I pci 0000: 00:08.0: reg 0x10: [io  0xc1e0-0xc1ff]
08-24 02:29:40.150     0     0 I pci 0000: 00:08.0: reg 0x14: [mem 0xfebc5000-0xfebc5fff]
08-24 02:29:40.162     0     0 I pci 0000: 00:08.0: reg 0x20: [mem 0x800018000-0x80001bfff 64bit pref]
08-24 02:29:40.166     0     0 I pci 0000: 00:08.0: reg 0x30: [mem 0xfeb80000-0xfebbffff pref]
08-24 02:29:40.169     0     0 I pci 0000: 00:09.0: [1af4:1003] type 00 class 0x078000
08-24 02:29:40.174     0     0 I pci 0000: 00:09.0: reg 0x10: [io  0xc140-0xc17f]
08-24 02:29:40.179     0     0 I pci 0000: 00:09.0: reg 0x14: [mem 0xfebc6000-0xfebc6fff]
08-24 02:29:40.191     0     0 I pci 0000: 00:09.0: reg 0x20: [mem 0x80001c000-0x80001ffff 64bit pref]
08-24 02:29:40.195     0     0 I pci 0000: 00:0a.0: [1af4:1003] type 00 class 0x078000
08-24 02:29:40.202     0     0 I pci 0000: 00:0a.0: reg 0x10: [io  0xc180-0xc1bf]
08-24 02:29:40.205     0     0 I pci 0000: 00:0a.0: reg 0x14: [mem 0xfebc7000-0xfebc7fff]
08-24 02:29:40.217     0     0 I pci 0000: 00:0a.0: reg 0x20: [mem 0x800020000-0x800023fff 64bit pref]
08-24 02:29:40.222     0     0 I pci 0000: 00:0b.0: [607d:f153] type 00 class 0x00ff00
08-24 02:29:40.225     0     0 I pci 0000: 00:0b.0: reg 0x10: [mem 0xfebc8000-0xfebc8fff]
08-24 02:29:40.234     0     0 I pci 0000: 00:0b.0: reg 0x14: [mem 0x400000000-0x7ffffffff 64bit]
08-24 02:29:40.249     0     0 I pci 0000: 00:0c.0: [1af4:1005] type 00 class 0x00ff00
08-24 02:29:40.253     0     0 I pci 0000: 00:0c.0: reg 0x10: [io  0xc200-0xc21f]
08-24 02:29:40.262     0     0 I pci 0000: 00:0c.0: reg 0x20: [mem 0x800024000-0x800027fff 64bit pref]
08-24 02:29:40.267     0     0 I pci 0000: 00:0d.0: [1af4:1052] type 00 class 0x098000
08-24 02:29:40.271     0     0 I pci 0000: 00:0d.0: reg 0x14: [mem 0xfebc9000-0xfebc9fff]
08-24 02:29:40.279     0     0 I pci 0000: 00:0d.0: reg 0x20: [mem 0x800028000-0x80002bfff 64bit pref]
08-24 02:29:40.285     0     0 I pci 0000: 00:0e.0: [1af4:1052] type 00 class 0x098000
08-24 02:29:40.291     0     0 I pci 0000: 00:0e.0: reg 0x14: [mem 0xfebca000-0xfebcafff]
08-24 02:29:40.298     0     0 I pci 0000: 00:0e.0: reg 0x20: [mem 0x80002c000-0x80002ffff 64bit pref]
08-24 02:29:40.304     0     0 I pci 0000: 00:0f.0: [1af4:1052] type 00 class 0x098000
08-24 02:29:40.308     0     0 I pci 0000: 00:0f.0: reg 0x14: [mem 0xfebcb000-0xfebcbfff]
08-24 02:29:40.315     0     0 I pci 0000: 00:0f.0: reg 0x20: [mem 0x800030000-0x800033fff 64bit pref]
08-24 02:29:40.321     0     0 I pci 0000: 00:10.0: [1af4:1052] type 00 class 0x098000
08-24 02:29:40.326     0     0 I pci 0000: 00:10.0: reg 0x14: [mem 0xfebcc000-0xfebccfff]
08-24 02:29:40.334     0     0 I pci 0000: 00:10.0: reg 0x20: [mem 0x800034000-0x800037fff 64bit pref]
08-24 02:29:40.339     0     0 I pci 0000: 00:11.0: [1af4:1052] type 00 class 0x098000
08-24 02:29:40.343     0     0 I pci 0000: 00:11.0: reg 0x14: [mem 0xfebcd000-0xfebcdfff]
08-24 02:29:40.351     0     0 I pci 0000: 00:11.0: reg 0x20: [mem 0x800038000-0x80003bfff 64bit pref]
08-24 02:29:40.357     0     0 I pci 0000: 00:12.0: [1af4:1052] type 00 class 0x098000
08-24 02:29:40.362     0     0 I pci 0000: 00:12.0: reg 0x14: [mem 0xfebce000-0xfebcefff]
08-24 02:29:40.370     0     0 I pci 0000: 00:12.0: reg 0x20: [mem 0x80003c000-0x80003ffff 64bit pref]
08-24 02:29:40.375     0     0 I pci 0000: 00:13.0: [1af4:1052] type 00 class 0x098000
08-24 02:29:40.379     0     0 I pci 0000: 00:13.0: reg 0x14: [mem 0xfebcf000-0xfebcffff]
08-24 02:29:40.387     0     0 I pci 0000: 00:13.0: reg 0x20: [mem 0x800040000-0x800043fff 64bit pref]
08-24 02:29:40.393     0     0 I pci 0000: 00:14.0: [1af4:1052] type 00 class 0x098000
08-24 02:29:40.398     0     0 I pci 0000: 00:14.0: reg 0x14: [mem 0xfebd0000-0xfebd0fff]
08-24 02:29:40.406     0     0 I pci 0000: 00:14.0: reg 0x20: [mem 0x800044000-0x800047fff 64bit pref]
08-24 02:29:40.411     0     0 I pci 0000: 00:15.0: [1af4:1052] type 00 class 0x098000
08-24 02:29:40.415     0     0 I pci 0000: 00:15.0: reg 0x14: [mem 0xfebd1000-0xfebd1fff]
08-24 02:29:40.422     0     0 I pci 0000: 00:15.0: reg 0x20: [mem 0x800048000-0x80004bfff 64bit pref]
08-24 02:29:40.429     0     0 I pci 0000: 00:16.0: [1af4:1052] type 00 class 0x098000
08-24 02:29:40.434     0     0 I pci 0000: 00:16.0: reg 0x14: [mem 0xfebd2000-0xfebd2fff]
08-24 02:29:40.442     0     0 I pci 0000: 00:16.0: reg 0x20: [mem 0x80004c000-0x80004ffff 64bit pref]
08-24 02:29:40.446     0     0 I pci 0000: 00:17.0: [1af4:1052] type 00 class 0x098000
08-24 02:29:40.450     0     0 I pci 0000: 00:17.0: reg 0x14: [mem 0xfebd3000-0xfebd3fff]
08-24 02:29:40.458     0     0 I pci 0000: 00:17.0: reg 0x20: [mem 0x800050000-0x800053fff 64bit pref]
08-24 02:29:40.469     0     0 I pci 0000: 00:18.0: [1af4:100a] type 00 class 0x020000
08-24 02:29:40.472     0     0 I pci 0000: 00:18.0: reg 0x10: [io  0xc220-0xc23f]
08-24 02:29:40.474     0     0 I pci 0000: 00:18.0: reg 0x14: [mem 0xfebd4000-0xfebd4fff]
08-24 02:29:40.489     0     0 I pci 0000: 00:19.0: [1af4:1012] type 00 class 0x078000
08-24 02:29:40.493     0     0 I pci 0000: 00:19.0: reg 0x10: [io  0xc240-0xc25f]
08-24 02:29:40.499     0     0 I pci 0000: 00:19.0: reg 0x14: [mem 0xfebd5000-0xfebd5fff]
08-24 02:29:40.510     0     0 I pci 0000: 00:19.0: reg 0x20: [mem 0x800054000-0x800057fff 64bit pref]
08-24 02:29:40.517     0     0 D pci_bus 0000: 00: on NUMA node 0
08-24 02:29:40.517     0     0 I ACPI    : PCI: Interrupt link LNKA configured for IRQ 10
08-24 02:29:40.518     0     0 I ACPI    : PCI: Interrupt link LNKB configured for IRQ 10
08-24 02:29:40.520     0     0 I ACPI    : PCI: Interrupt link LNKC configured for IRQ 11
08-24 02:29:40.521     0     0 I ACPI    : PCI: Interrupt link LNKD configured for IRQ 11
08-24 02:29:40.522     0     0 I ACPI    : PCI: Interrupt link LNKS configured for IRQ 9
08-24 02:29:40.524     0     0 I iommu   : Default domain type: Translated
08-24 02:29:40.524     0     0 I iommu   : DMA domain TLB invalidation policy: lazy mode
08-24 02:29:40.525     0     0 I         : SCSI subsystem initialized
08-24 02:29:40.526     0     0 I ACPI    : bus type USB registered
08-24 02:29:40.526     0     0 I usbcore : registered new interface driver usbfs
08-24 02:29:40.527     0     0 I usbcore : registered new interface driver hub
08-24 02:29:40.529     0     0 I usbcore : registered new device driver usb
08-24 02:29:40.530     0     0 I mc      : Linux media interface: v0.10
08-24 02:29:40.530     0     0 I videodev: Linux video capture interface: v2.00
08-24 02:29:40.531     0     0 I EDAC MC : Ver: 3.0.0
08-24 02:29:40.533     0     0 I         : Advanced Linux Sound Architecture Driver Initialized.
08-24 02:29:40.534     0     0 I PCI     : Using ACPI for IRQ routing
08-24 02:29:40.535     0     0 D PCI     : pci_cache_line_size set to 64 bytes
08-24 02:29:40.537     0     0 D e820    : reserve RAM buffer [mem 0x0009fc00-0x0009ffff]
08-24 02:29:40.537     0     0 D e820    : reserve RAM buffer [mem 0x9ffd6000-0x9fffffff]
08-24 02:29:40.537     0     0 I vgaarb  : loaded
08-24 02:29:40.537     0     0 I hpet    : 3 channels of 0 reserved for per-cpu timers
08-24 02:29:40.540     0     0 I hpet0   : at MMIO 0xfed00000, IRQs 2, 8, 0
08-24 02:29:40.541     0     0 I hpet0   : 3 comparators, 64-bit 100.000000 MHz counter
08-24 02:29:40.549     0     0 I clocksource: Switched to clocksource kvm-clock
08-24 02:29:40.551     0     0 I VFS     : Disk quotas dquot_6.6.0
08-24 02:29:40.551     0     0 I VFS     : Dquot-cache hash table entries: 512 (order 0, 4096 bytes)
08-24 02:29:40.553     0     0 I pnp     : PnP ACPI init
08-24 02:29:40.553     0     0 D pnp 00  : 03: [dma 2]
08-24 02:29:40.554     0     0 I pnp     : PnP ACPI: found 5 devices
08-24 02:29:40.555     0     0 I NET     : Registered PF_INET protocol family
08-24 02:29:40.556     0     0 I         : IP idents hash table entries: 65536 (order: 7, 524288 bytes, linear)
08-24 02:29:40.558     0     0 I         : tcp_listen_portaddr_hash hash table entries: 2048 (order: 3, 32768 bytes, linear)
08-24 02:29:40.559     0     0 I         : Table-perturb hash table entries: 65536 (order: 6, 262144 bytes, linear)
08-24 02:29:40.561     0     0 I         : TCP established hash table entries: 32768 (order: 6, 262144 bytes, linear)
08-24 02:29:40.563     0     0 I         : TCP bind hash table entries: 32768 (order: 8, 1048576 bytes, linear)
08-24 02:29:40.564     0     0 I TCP     : Hash tables configured (established 32768 bind 32768)
08-24 02:29:40.565     0     0 I         : UDP hash table entries: 2048 (order: 4, 65536 bytes, linear)
08-24 02:29:40.566     0     0 I         : UDP-Lite hash table entries: 2048 (order: 4, 65536 bytes, linear)
08-24 02:29:40.568     0     0 I NET     : Registered PF_UNIX/PF_LOCAL protocol family
08-24 02:29:40.569     0     0 I NET     : Registered PF_XDP protocol family
08-24 02:29:40.570     0     0 I pci_bus 0000: 00: resource 4 [io  0x0000-0x0cf7 window]
08-24 02:29:40.571     0     0 I pci_bus 0000: 00: resource 5 [io  0x0d00-0xffff window]
08-24 02:29:40.572     0     0 I pci_bus 0000: 00: resource 6 [mem 0x000a0000-0x000bffff window]
08-24 02:29:40.573     0     0 I pci_bus 0000: 00: resource 7 [mem 0xa0000000-0xfebfffff window]
08-24 02:29:40.574     0     0 I pci_bus 0000: 00: resource 8 [mem 0x400000000-0x800057fff window]
08-24 02:29:40.576     0     0 I pci 0000: 00:01.0: PIIX3: Enabling Passive Release
08-24 02:29:40.577     0     0 I pci 0000: 00:00.0: Limiting direct PCI/PCI transfers
08-24 02:29:40.578     0     0 I PCI     : CLS 0 bytes, default 64
08-24 02:29:40.579     0     0 E kvm_intel: VMX not supported by CPU 1
08-24 02:29:40.579     0     0 I         : Trying to unpack rootfs image as initramfs...
08-24 02:29:40.580     0     0 E kvm_amd : SVM not supported by CPU 1
08-24 02:29:40.583     0     0 I         : Initialise system trusted keyrings
08-24 02:29:40.584     0     0 I workingset: timestamp_bits=46 max_order=20 bucket_order=0
08-24 02:29:40.587     0     0 I fuse    : init (API version 7.39)
08-24 02:29:40.595     0     0 I         : Freeing initrd memory: 2136K
08-24 02:29:40.598     0     0 I         : Key type asymmetric registered
08-24 02:29:40.599     0     0 I         : Asymmetric key parser 'x509' registered
08-24 02:29:40.600     0     0 I         : Block layer SCSI generic (bsg) driver version 0.4 loaded (major 240)
08-24 02:29:40.601     0     0 I         : io scheduler mq-deadline registered
08-24 02:29:40.602     0     0 I         : io scheduler kyber registered
08-24 02:29:40.603     0     0 I         : io scheduler bfq registered
08-24 02:29:40.604     0     0 I input   : Power Button as /devices/LNXSYSTM:00/LNXPWRBN:00/input/input0
08-24 02:29:40.607     0     0 I ACPI    : button: Power Button [PWRF]
08-24 02:29:40.610     0     0 I Serial  : 8250/16550 driver, 1 ports, IRQ sharing disabled
08-24 02:29:40.613     0     0 I         : 00:04: ttyS0 at I/O 0x3f8 (irq = 4, base_baud = 115200) is a 16550A
08-24 02:29:40.618     0     0 I printk  : console [ttynull0] enabled
08-24 02:29:40.620     0     0 I ACPI    : bus type drm_connector registered
08-24 02:29:40.625     0     0 I brd     : module loaded
08-24 02:29:40.628     0     0 I loop    : module loaded
08-24 02:29:40.630     0     0 I wireguard: WireGuard 1.0.0 loaded. See www.wireguard.com for information.
08-24 02:29:40.632     0     0 I wireguard: Copyright (C) 2015-2019 Jason A. Donenfeld <Jason@zx2c4.com>. All Rights Reserved.
08-24 02:29:40.634     0     0 I tun     : Universal TUN/TAP device driver, 1.6
08-24 02:29:40.636     0     0 I usbcore : registered new interface driver uas
08-24 02:29:40.637     0     0 I usbcore : registered new interface driver usb-storage
08-24 02:29:40.638     0     0 I i8042   : PNP: PS/2 Controller [PNP0303:KBD,PNP0f13:MOU] at 0x60,0x64 irq 1,12
08-24 02:29:40.640     0     0 I serio   : i8042 KBD port at 0x60,0x64 irq 1
08-24 02:29:40.641     0     0 I serio   : i8042 AUX port at 0x60,0x64 irq 12
08-24 02:29:40.642     0     0 I usbcore : registered new interface driver xpad
08-24 02:29:40.644     0     0 I input   : AT Translated Set 2 keyboard as /devices/platform/i8042/serio0/input/input1
08-24 02:29:40.645     0     0 I rtc_cmos 00: 00: RTC can wake from S4
08-24 02:29:40.647     0     0 I rtc_cmos 00: 00: registered as rtc0
08-24 02:29:40.648     0     0 I rtc_cmos 00: 00: setting system clock to 2026-08-24T02:29:40 UTC (1787538580)
08-24 02:29:40.650     0     0 I rtc_cmos 00: 00: alarms up to one day, y3k, 114 bytes nvram, hpet irqs
08-24 02:29:40.651     0     0 I gspca_main: v2.14.0 registered
08-24 02:29:40.652     0     0 I usbcore : registered new interface driver uvcvideo
08-24 02:29:40.653     0     0 I device-mapper: uevent: version 1.0.3
08-24 02:29:40.654     0     0 I device-mapper: ioctl: 4.48.0-ioctl (2023-03-01) initialised: dm-devel@redhat.com
08-24 02:29:40.656     0     0 I sdhci   : Secure Digital Host Controller Interface driver
08-24 02:29:40.657     0     0 I sdhci   : Copyright(c) Pierre Ossman
08-24 02:29:40.658     0     0 I sdhci-pltfm: SDHCI platform and OF driver helper
08-24 02:29:40.659     0     0 I hid     : raw HID events driver (C) Jiri Kosina
08-24 02:29:40.660     0     0 I usbcore : registered new interface driver usbhid
08-24 02:29:40.661     0     0 I usbhid  : USB HID core driver
08-24 02:29:40.662     0     0 I ashmem  : initialized
08-24 02:29:40.663     0     0 I gnss    : GNSS driver registered with major 507
08-24 02:29:40.664     0     0 I usbcore : registered new interface driver snd-usb-audio
08-24 02:29:40.665     0     0 I         : GACT probability NOT on
08-24 02:29:40.666     0     0 I         : Mirror/redirect action on
08-24 02:29:40.666     0     0 I netem   : version 1.3
08-24 02:29:40.667     0     0 I         : u32 classifier
08-24 02:29:40.667     0     0 I         : input device check on
08-24 02:29:40.668     0     0 I         : Actions configured
08-24 02:29:40.684     0     0 I xt_time : kernel timezone is -0000
08-24 02:29:40.685     0     0 I ipip    : IPv4 and MPLS over IPv4 tunneling driver
08-24 02:29:40.686     0     0 I gre     : GRE over IPv4 demultiplexor driver
08-24 02:29:40.687     0     0 I ip_gre  : GRE over IPv4 tunneling driver
08-24 02:29:40.688     0     0 I         : IPv4 over IPsec tunneling driver
08-24 02:29:40.689     0     0 I         : Initializing XFRM netlink socket
08-24 02:29:40.690     0     0 I         : IPsec XFRM device driver
08-24 02:29:40.691     0     0 I NET     : Registered PF_INET6 protocol family
08-24 02:29:40.693     0     0 I         : Segment Routing with IPv6
08-24 02:29:40.693     0     0 I         : In-situ OAM (IOAM) with IPv6
08-24 02:29:40.694     0     0 I mip6    : Mobile IPv6
08-24 02:29:40.695     0     0 I sit     : IPv6, IPv4 and MPLS over IPv4 tunneling driver
08-24 02:29:40.696     0     0 I ip6_gre : GRE over IPv6 tunneling driver
08-24 02:29:40.697     0     0 I NET     : Registered PF_PACKET protocol family
08-24 02:29:40.698     0     0 I NET     : Registered PF_KEY protocol family
08-24 02:29:40.699     0     0 I NET     : Registered PF_VSOCK protocol family
08-24 02:29:40.700     0     0 I         : IPI shorthand broadcast: enabled
08-24 02:29:40.701     0     0 I         : AVX version of gcm_enc/dec engaged.
08-24 02:29:40.702     0     0 I         : AES CTR mode by8 optimization enabled
08-24 02:29:40.705     0     0 I sched_clock: Marking stable (1236006743, 148982220)->(1527792317, -142803354)
08-24 02:29:40.706     0     0 I         : registered taskstats version 1
08-24 02:29:40.707     0     0 I         : Loading compiled-in X.509 certificates
08-24 02:29:40.709     0     0 I         : Loaded X.509 cert 'Build time autogenerated kernel key: c51f3ac99f078bc9f27c9cbbd1f474dc120c2100'
08-24 02:29:40.713     0     0 I         : page_owner is disabled
08-24 02:29:40.714     0     0 I         : Key type .fscrypt registered
08-24 02:29:40.715     0     0 I         : Key type fscrypt-provisioning registered
08-24 02:29:40.716     0     0 I         : ALSA device list:
08-24 02:29:40.717     0     0 I         : No soundcards found.
08-24 02:29:40.718     0     0 I         : Freeing unused kernel image (initmem) memory: 2964K
08-24 02:29:40.719     0     0 I         : Write protecting the kernel read-only data: 36864k
08-24 02:29:40.720     0     0 I         : Freeing unused kernel image (rodata/data gap) memory: 312K
08-24 02:29:40.720     0     0 I         : Run /init as init process
08-24 02:29:40.721     0     0 D with arguments:  
08-24 02:29:40.721     0     0 D         : /init
08-24 02:29:40.721     0     0 D with environment:  
08-24 02:29:40.721     0     0 D         : HOME=/
08-24 02:29:40.721     0     0 D         : TERM=linux
08-24 02:29:41.731     0     0 I random  : crng init done
08-24 02:29:41.733     0     0 I init    : init first stage started!
08-24 02:29:41.734     0     0 I init    : Loading module /lib/modules/virtio_dma_buf.ko with args ''
08-24 02:29:41.735     0     0 I init    : Loaded kernel module /lib/modules/virtio_dma_buf.ko
08-24 02:29:41.736     0     0 I init    : Loading module /lib/modules/virtio-rng.ko with args ''
08-24 02:29:41.737     0     0 I init    : Loaded kernel module /lib/modules/virtio-rng.ko
08-24 02:29:41.738     0     0 I init    : Loading module /lib/modules/virtio_blk.ko with args ''
08-24 02:29:41.739     0     0 I init    : Loaded kernel module /lib/modules/virtio_blk.ko
08-24 02:29:41.740     0     0 I init    : Loading module /lib/modules/virtio_console.ko with args ''
08-24 02:29:41.741     0     0 I init    : Loaded kernel module /lib/modules/virtio_console.ko
08-24 02:29:41.742     0     0 I init    : Loading module /lib/modules/virtio_pci_modern_dev.ko with args ''
08-24 02:29:41.743     0     0 I init    : Loaded kernel module /lib/modules/virtio_pci_modern_dev.ko
08-24 02:29:41.744     0     0 I init    : Loading module /lib/modules/virtio_pci_legacy_dev.ko with args ''
08-24 02:29:41.745     0     0 I init    : Loaded kernel module /lib/modules/virtio_pci_legacy_dev.ko
08-24 02:29:41.746     0     0 I init    : Loading module /lib/modules/virtio_pci.ko with args ''
08-24 02:29:41.759     0     0 I ACPI    : \_SB_.LNKB: Enabled at IRQ 10
08-24 02:29:41.774     0     0 I ACPI    : \_SB_.LNKC: Enabled at IRQ 11
08-24 02:29:41.776     0     0 I virtio_blk virtio1: 1/0/0 default/read/poll queues
08-24 02:29:41.778     0     0 I virtio_blk virtio1: [vda] 8624128 512-byte logical blocks (4.42 GB/4.11 GiB)
08-24 02:29:41.780     0     0 I vda     : vda1 vda2
08-24 02:29:41.793     0     0 I ACPI    : \_SB_.LNKD: Enabled at IRQ 11
08-24 02:29:41.795     0     0 I virtio_blk virtio2: 1/0/0 default/read/poll queues
08-24 02:29:41.797     0     0 I virtio_blk virtio2: [vdb] 135168 512-byte logical blocks (69.2 MB/66.0 MiB)
08-24 02:29:41.811     0     0 I ACPI    : \_SB_.LNKA: Enabled at IRQ 10
08-24 02:29:41.813     0     0 I virtio_blk virtio3: 1/0/0 default/read/poll queues
08-24 02:29:41.815     0     0 I virtio_blk virtio3: [vdc] 12582912 512-byte logical blocks (6.44 GB/6.00 GiB)
08-24 02:29:41.831     0     0 I virtio_blk virtio4: 1/0/0 default/read/poll queues
08-24 02:29:41.832     0     0 I virtio_blk virtio4: [vdd] 36864 512-byte logical blocks (18.9 MB/18.0 MiB)
08-24 02:29:41.835     0     0 I vdd     : vdd1
08-24 02:29:41.852     0     0 I virtio_blk virtio5: 1/0/0 default/read/poll queues
08-24 02:29:41.854     0     0 I virtio_blk virtio5: [vde] 210944 512-byte logical blocks (108 MB/103 MiB)
08-24 02:29:41.857     0     0 I vde     : vde1
08-24 02:29:42.113     0     0 I virtio-pci 0000: 00:18.0: virtio_pci: leaving for legacy driver
08-24 02:29:42.128     0     0 I init    : Loaded kernel module /lib/modules/virtio_pci.ko
08-24 02:29:42.129     0     0 I init    : Loading module /lib/modules/vmw_vsock_virtio_transport.ko with args ''
08-24 02:29:42.133     0     0 I init    : Loaded kernel module /lib/modules/vmw_vsock_virtio_transport.ko
08-24 02:29:42.133     0     0 I init    : Loaded 8 modules from /lib/modules
08-24 02:29:42.134     0     0 I init    : Loaded 8 kernel modules took 400 ms
08-24 02:29:42.135     0     0 I init    : [libfstab] Using Android DT directory /proc/device-tree/firmware/android/
08-24 02:29:42.136     0     0 I init    : [libfstab] ReadFstabFromDt(): failed to read fstab from dt
08-24 02:29:42.141     0     0 I init    : [libfs_mgr] superblock s_max_mnt_count:65535,/dev/block/pci/pci0000:00/0000:00:06.0/by-name/metadata
08-24 02:29:42.142     0     0 I init    : [libfs_mgr] Filesystem on /dev/block/pci/pci0000:00/0000:00:06.0/by-name/metadata was not cleanly shutdown; state flags: 0x1, incompat feature flags: 0x46
08-24 02:29:42.146     0     0 I EXT4-fs (vdd1): recovery complete
08-24 02:29:42.148     0     0 I EXT4-fs (vdd1): mounted filesystem b08db4c1-cfe5-46f0-b32a-f06729e6a3f2 r/w with ordered data mode. Quota mode: none.
08-24 02:29:42.151     0     0 I init    : [libfs_mgr] check_fs(): mount(/dev/block/pci/pci0000:00/0000:00:06.0/by-name/metadata,/metadata,ext4)=0: Success
08-24 02:29:42.154     0     0 I EXT4-fs (vdd1): unmounting filesystem b08db4c1-cfe5-46f0-b32a-f06729e6a3f2.
08-24 02:29:42.157     0     0 I init    : [libfs_mgr] umount_retry(): unmount(/metadata) succeeded
08-24 02:29:42.159     0     0 I init    : [libfs_mgr] Not running /system/bin/e2fsck on /dev/block/vdd1 (executable not in system image)
08-24 02:29:42.163     0     0 I EXT4-fs (vdd1): mounted filesystem b08db4c1-cfe5-46f0-b32a-f06729e6a3f2 r/w with ordered data mode. Quota mode: none.
08-24 02:29:42.166     0     0 I init    : [libfs_mgr] __mount(source=/dev/block/pci/pci0000:00/0000:00:06.0/by-name/metadata,target=/metadata,type=ext4)=0: Success
08-24 02:29:42.169     0     0 E init    : Failed to copy /avb into /metadata/gsi/dsu/avb/: No such file or directory
08-24 02:29:42.173     0     0 I init    : [libfs_mgr] Created logical partition system on device /dev/block/dm-0
08-24 02:29:42.174     0     0 I init    : [libfs_mgr] Created logical partition system_dlkm on device /dev/block/dm-1
08-24 02:29:42.177     0     0 I init    : [libfs_mgr] Created logical partition system_ext on device /dev/block/dm-2
08-24 02:29:42.178     0     0 I init    : [libfs_mgr] Created logical partition product on device /dev/block/dm-3
08-24 02:29:42.181     0     0 I init    : [libfs_mgr] Created logical partition vendor on device /dev/block/dm-4
08-24 02:29:42.182     0     0 I init    : DSU not detected, proceeding with normal boot
08-24 02:29:43.188     0     0 E init    : [libfs_avb] Device path not found: /dev/block/by-name/system
08-24 02:29:44.193     0     0 E init    : [libfs_avb] Device path not found: /dev/block/by-name/system
08-24 02:29:44.196     0     0 I init    : [libfs_avb] Returning avb_handle with status: Success
08-24 02:29:44.198     0     0 I init    : [libfs_avb] Built verity table: '1 /dev/block/dm-0 /dev/block/dm-0 4096 4096 252273 252273 sha256 c2ca80fb546a391d49f229f21c012021a9ec9a7684d795d32c48ff17ac1c3e73 b0eadfd939f6087e65f9c418c1dab77a41c68d08fb44dfa9eac95b18313add2a 10 use_fec_from_device /dev/block/dm-0 fec_roots 2 fec_blocks 254261 fec_start 254261 restart_on_corruption ignore_zero_blocks'
08-24 02:29:44.206     0     0 I device-mapper: verity: sha256 using shash "sha256-avx"
08-24 02:29:44.210     0     0 E erofs   : (device dm-5): erofs_read_superblock: cannot find valid erofs superblock
08-24 02:29:44.212     0     0 I init    : [libfs_mgr] __mount(source=/dev/block/dm-5,target=/system,type=erofs)=-1: Invalid argument
08-24 02:29:44.215     0     0 I init    : [libfs_mgr] superblock s_max_mnt_count:65535,/dev/block/dm-5
08-24 02:29:44.219     0     0 I EXT4-fs (dm-5): mounted filesystem 38909328-0953-5d2b-89f8-3e6859c1c9d3 ro without journal. Quota mode: none.
